
2019-7-20    1657    0.035   1.770   1.790   1.800   1.790   1.820   1.830   0.090   2.240   4.410   0.060   20.811   24.012   26.182   25.252   25.252   24.942   24.632
2019-7-20    1659    0.035   1.770   1.790   1.800   1.790   1.820   1.830   0.090   2.240   4.410   0.060   20.811   24.012   26.182   25.252   25.252   24.942   24.632